Component: Arm Compiler for Embedded 6.24 Tool: armlink [5f371500]

==============================================================================

Section Cross References

    main.o(.text.main) refers to core.o(.text.core_clock_init) for core_clock_init
    main.o(.text.main) refers to pio.o(.text.pio_init) for pio_init
    main.o(.text.main) refers to main.o(.bss.adc_scan) for adc_scan
    main.o(.text.main) refers to main.o(.bss.crank_tmstp) for crank_tmstp
    main.o(.text.main) refers to dma.o(.text.dma2_init) for dma2_init
    main.o(.text.main) refers to adc.o(.text.adc_init) for adc_init
    main.o(.text.main) refers to tim.o(.text.tim_init) for tim_init
    main.o(.text.main) refers to dma.o(.text.dma2_en) for dma2_en
    main.o(.text.main) refers to tim.o(.text.tim_en) for tim_en
    main.o(.text.main) refers to main.o(.text.__NVIC_EnableIRQ) for __NVIC_EnableIRQ
    main.o(.text.main) refers to main.o(.text.__NVIC_SetPriority) for __NVIC_SetPriority
    main.o(.text.main) refers to main.o(.bss.tps_his) for tps_his
    main.o(.text.main) refers to average_16.o(.text) for avg_16
    main.o(.text.main) refers to main.o(.bss.tps_default) for tps_default
    main.o(.text.main) refers to main.o(.bss.loop_tmstp) for loop_tmstp
    main.o(.text.main) refers to main.o(.bss.map_his) for map_his
    main.o(.text.main) refers to average_128.o(.text) for avg_128
    main.o(.text.main) refers to engine_cfg.o(.rodata.ENGIN_CFG) for ENGIN_CFG
    main.o(.text.main) refers to linear_interpolation_1d.o(.text) for lerp_1d
    main.o(.text.main) refers to main.o(.bss.engine) for engine
    main.o(.text.main) refers to main.o(.bss.frp_his) for frp_his
    main.o(.text.main) refers to sys_cfg.o(.rodata.TIM1_FREQ) for TIM1_FREQ
    main.o(.text.main) refers to main.o(.bss.dt) for dt
    main.o(.text.main) refers to main.o(.data.fp_pid) for fp_pid
    main.o(.text.main) refers to pid.o(.text) for pid
    main.o(.text.main) refers to fuel_pump.o(.text.fuel_pmp_set) for fuel_pmp_set
    main.o(.text.main) refers to main.o(.bss.ss) for ss
    main.o(.text.main) refers to main.o(.bss.ft_rdy) for ft_rdy
    main.o(.text.main) refers to main.o(.bss.frp_rdy) for frp_rdy
    main.o(.text.main) refers to main.o(.data.pds) for pds
    main.o(.ARM.exidx.text.main) refers to main.o(.text.main) for [Anonymous Symbol]
    main.o(.ARM.exidx.text.__NVIC_EnableIRQ) refers to main.o(.text.__NVIC_EnableIRQ) for [Anonymous Symbol]
    main.o(.ARM.exidx.text.__NVIC_SetPriority) refers to main.o(.text.__NVIC_SetPriority) for [Anonymous Symbol]
    main.o(.ARM.exidx.text.DMA2_Stream4_IRQHandler) refers to main.o(.text.DMA2_Stream4_IRQHandler) for [Anonymous Symbol]
    main.o(.text.DMA2_Stream0_IRQHandler) refers to main.o(.bss.adc_scan) for adc_scan
    main.o(.text.DMA2_Stream0_IRQHandler) refers to main.o(.bss.ft_id) for ft_id
    main.o(.text.DMA2_Stream0_IRQHandler) refers to main.o(.bss.map_his) for map_his
    main.o(.text.DMA2_Stream0_IRQHandler) refers to main.o(.bss.frp_his) for frp_his
    main.o(.text.DMA2_Stream0_IRQHandler) refers to main.o(.bss.iat_his) for iat_his
    main.o(.text.DMA2_Stream0_IRQHandler) refers to main.o(.bss.st_id) for st_id
    main.o(.text.DMA2_Stream0_IRQHandler) refers to main.o(.bss.tps_his) for tps_his
    main.o(.text.DMA2_Stream0_IRQHandler) refers to main.o(.bss.et1_his) for et1_his
    main.o(.text.DMA2_Stream0_IRQHandler) refers to main.o(.bss.et2_his) for et2_his
    main.o(.text.DMA2_Stream0_IRQHandler) refers to main.o(.bss.ot_his) for ot_his
    main.o(.text.DMA2_Stream0_IRQHandler) refers to main.o(.bss.ft_rdy) for ft_rdy
    main.o(.ARM.exidx.text.DMA2_Stream0_IRQHandler) refers to main.o(.text.DMA2_Stream0_IRQHandler) for [Anonymous Symbol]
    adc.o(.ARM.exidx.text.adc_init) refers to adc.o(.text.adc_init) for [Anonymous Symbol]
    core.o(.ARM.exidx.text.core_clock_init) refers to core.o(.text.core_clock_init) for [Anonymous Symbol]
    dma.o(.ARM.exidx.text.dma2_init) refers to dma.o(.text.dma2_init) for [Anonymous Symbol]
    dma.o(.ARM.exidx.text.dma2_en) refers to dma.o(.text.dma2_en) for [Anonymous Symbol]
    pio.o(.ARM.exidx.text.pio_init) refers to pio.o(.text.pio_init) for [Anonymous Symbol]
    tim.o(.text.tim_init) refers to sys_cfg.o(.rodata.HRDW_DEBOUNCE) for HRDW_DEBOUNCE
    tim.o(.text.tim_init) refers to sys_cfg.o(.rodata.TIM2_FREQ) for TIM2_FREQ
    tim.o(.text.tim_init) refers to sys_cfg.o(.rodata.TIM1_FREQ) for TIM1_FREQ
    tim.o(.text.tim_init) refers to sys_cfg.o(.rodata.TIM3_FREQ) for TIM3_FREQ
    tim.o(.text.tim_init) refers to sys_cfg.o(.rodata.TIM4_FREQ) for TIM4_FREQ
    tim.o(.text.tim_init) refers to sys_cfg.o(.rodata.TIM5_FREQ) for TIM5_FREQ
    tim.o(.text.tim_init) refers to sys_cfg.o(.rodata.TIM10_FREQ) for TIM10_FREQ
    tim.o(.text.tim_init) refers to sys_cfg.o(.rodata.TIM10_T_ON) for TIM10_T_ON
    tim.o(.ARM.exidx.text.tim_init) refers to tim.o(.text.tim_init) for [Anonymous Symbol]
    tim.o(.ARM.exidx.text.tim_en) refers to tim.o(.text.tim_en) for [Anonymous Symbol]
    fuel_pump.o(.text.fuel_pmp_set) refers to sys_cfg.o(.rodata.TIM10_FREQ) for TIM10_FREQ
    fuel_pump.o(.text.fuel_pmp_set) refers to linear_interpolation_1d.o(.text) for lerp_1d
    fuel_pump.o(.ARM.exidx.text.fuel_pmp_set) refers to fuel_pump.o(.text.fuel_pmp_set) for [Anonymous Symbol]
    startup_stm32f401xc.o(STACK) refers (Special) to heapauxi.o(.text) for __use_two_region_memory
    startup_stm32f401xc.o(HEAP) refers (Special) to heapauxi.o(.text) for __use_two_region_memory
    startup_stm32f401xc.o(RESET) refers (Special) to heapauxi.o(.text) for __use_two_region_memory
    startup_stm32f401xc.o(RESET) refers to startup_stm32f401xc.o(STACK) for __initial_sp
    startup_stm32f401xc.o(RESET) refers to startup_stm32f401xc.o(.text) for Reset_Handler
    startup_stm32f401xc.o(RESET) refers to main.o(.text.DMA2_Stream0_IRQHandler) for DMA2_Stream0_IRQHandler
    startup_stm32f401xc.o(RESET) refers to main.o(.text.DMA2_Stream4_IRQHandler) for DMA2_Stream4_IRQHandler
    startup_stm32f401xc.o(.text) refers (Special) to heapauxi.o(.text) for __use_two_region_memory
    startup_stm32f401xc.o(.text) refers to system_stm32f4xx.o(.text.SystemInit) for SystemInit
    startup_stm32f401xc.o(.text) refers to __main.o(!!!main) for __main
    startup_stm32f401xc.o(.text) refers to startup_stm32f401xc.o(HEAP) for Heap_Mem
    startup_stm32f401xc.o(.text) refers to startup_stm32f401xc.o(STACK) for Stack_Mem
    system_stm32f4xx.o(.ARM.exidx.text.SystemInit) refers to system_stm32f4xx.o(.text.SystemInit) for [Anonymous Symbol]
    system_stm32f4xx.o(.text.SystemCoreClockUpdate) refers to system_stm32f4xx.o(.data.SystemCoreClock) for SystemCoreClock
    system_stm32f4xx.o(.text.SystemCoreClockUpdate) refers to system_stm32f4xx.o(.rodata.AHBPrescTable) for AHBPrescTable
    system_stm32f4xx.o(.ARM.exidx.text.SystemCoreClockUpdate) refers to system_stm32f4xx.o(.text.SystemCoreClockUpdate) for [Anonymous Symbol]
    __main.o(!!!main) refers to __rtentry.o(.ARM.Collect$$rtentry$$00000000) for __rt_entry
    __rtentry.o(.ARM.Collect$$rtentry$$00000000) refers (Special) to __rtentry2.o(.ARM.Collect$$rtentry$$0000000A) for __rt_entry_li
    __rtentry.o(.ARM.Collect$$rtentry$$00000000) refers (Special) to __rtentry2.o(.ARM.Collect$$rtentry$$0000000D) for __rt_entry_main
    __rtentry.o(.ARM.Collect$$rtentry$$00000000) refers (Special) to __rtentry2.o(.ARM.Collect$$rtentry$$0000000C) for __rt_entry_postli_1
    __rtentry.o(.ARM.Collect$$rtentry$$00000000) refers (Special) to __rtentry2.o(.ARM.Collect$$rtentry$$00000009) for __rt_entry_postsh_1
    __rtentry.o(.ARM.Collect$$rtentry$$00000000) refers (Special) to __rtentry2.o(.ARM.Collect$$rtentry$$00000002) for __rt_entry_presh_1
    __rtentry.o(.ARM.Collect$$rtentry$$00000000) refers (Special) to __rtentry4.o(.ARM.Collect$$rtentry$$00000004) for __rt_entry_sh
    __rtentry2.o(.ARM.Collect$$rtentry$$00000008) refers to boardinit2.o(.text) for _platform_post_stackheap_init
    __rtentry2.o(.ARM.Collect$$rtentry$$0000000A) refers to libinit.o(.ARM.Collect$$libinit$$00000000) for __rt_lib_init
    __rtentry2.o(.ARM.Collect$$rtentry$$0000000B) refers to boardinit3.o(.text) for _platform_post_lib_init
    __rtentry2.o(.ARM.Collect$$rtentry$$0000000D) refers to main.o(.text.main) for main
    __rtentry2.o(.ARM.Collect$$rtentry$$0000000D) refers to exit.o(.text) for exit
    __rtentry2.o(.ARM.exidx) refers to __rtentry2.o(.ARM.Collect$$rtentry$$00000001) for .ARM.Collect$$rtentry$$00000001
    __rtentry2.o(.ARM.exidx) refers to __rtentry2.o(.ARM.Collect$$rtentry$$00000008) for .ARM.Collect$$rtentry$$00000008
    __rtentry2.o(.ARM.exidx) refers to __rtentry2.o(.ARM.Collect$$rtentry$$0000000A) for .ARM.Collect$$rtentry$$0000000A
    __rtentry2.o(.ARM.exidx) refers to __rtentry2.o(.ARM.Collect$$rtentry$$0000000B) for .ARM.Collect$$rtentry$$0000000B
    __rtentry2.o(.ARM.exidx) refers to __rtentry2.o(.ARM.Collect$$rtentry$$0000000D) for .ARM.Collect$$rtentry$$0000000D
    __rtentry4.o(.ARM.Collect$$rtentry$$00000004) refers to sys_stackheap_outer.o(.text) for __user_setup_stackheap
    __rtentry4.o(.ARM.exidx) refers to __rtentry4.o(.ARM.Collect$$rtentry$$00000004) for .ARM.Collect$$rtentry$$00000004
    sys_stackheap_outer.o(.text) refers to libspace.o(.text) for __user_perproc_libspace
    sys_stackheap_outer.o(.text) refers to startup_stm32f401xc.o(.text) for __user_initial_stackheap
    exit.o(.text) refers to rtexit.o(.ARM.Collect$$rtexit$$00000000) for __rt_exit
    libinit.o(.ARM.Collect$$libinit$$00000000) refers (Special) to libinit2.o(.ARM.Collect$$libinit$$00000030) for __rt_lib_init_alloca_1
    libinit.o(.ARM.Collect$$libinit$$00000000) refers (Special) to libinit2.o(.ARM.Collect$$libinit$$0000002E) for __rt_lib_init_argv_1
    libinit.o(.ARM.Collect$$libinit$$00000000) refers (Special) to libinit2.o(.ARM.Collect$$libinit$$0000001D) for __rt_lib_init_atexit_1
    libinit.o(.ARM.Collect$$libinit$$00000000) refers (Special) to libinit2.o(.ARM.Collect$$libinit$$00000023) for __rt_lib_init_clock_1
    libinit.o(.ARM.Collect$$libinit$$00000000) refers (Special) to libinit2.o(.ARM.Collect$$libinit$$00000034) for __rt_lib_init_cpp_1
    libinit.o(.ARM.Collect$$libinit$$00000000) refers (Special) to libinit2.o(.ARM.Collect$$libinit$$00000032) for __rt_lib_init_exceptions_1
    libinit.o(.ARM.Collect$$libinit$$00000000) refers (Special) to libinit2.o(.ARM.Collect$$libinit$$00000001) for __rt_lib_init_fp_1
    libinit.o(.ARM.Collect$$libinit$$00000000) refers (Special) to libinit2.o(.ARM.Collect$$libinit$$00000021) for __rt_lib_init_fp_trap_1
    libinit.o(.ARM.Collect$$libinit$$00000000) refers (Special) to libinit2.o(.ARM.Collect$$libinit$$00000025) for __rt_lib_init_getenv_1
    libinit.o(.ARM.Collect$$libinit$$00000000) refers (Special) to libinit2.o(.ARM.Collect$$libinit$$0000000C) for __rt_lib_init_heap_1
    libinit.o(.ARM.Collect$$libinit$$00000000) refers (Special) to libinit2.o(.ARM.Collect$$libinit$$00000013) for __rt_lib_init_lc_collate_1
    libinit.o(.ARM.Collect$$libinit$$00000000) refers (Special) to libinit2.o(.ARM.Collect$$libinit$$00000015) for __rt_lib_init_lc_ctype_1
    libinit.o(.ARM.Collect$$libinit$$00000000) refers (Special) to libinit2.o(.ARM.Collect$$libinit$$00000017) for __rt_lib_init_lc_monetary_1
    libinit.o(.ARM.Collect$$libinit$$00000000) refers (Special) to libinit2.o(.ARM.Collect$$libinit$$00000019) for __rt_lib_init_lc_numeric_1
    libinit.o(.ARM.Collect$$libinit$$00000000) refers (Special) to libinit2.o(.ARM.Collect$$libinit$$0000001B) for __rt_lib_init_lc_time_1
    libinit.o(.ARM.Collect$$libinit$$00000000) refers (Special) to libinit2.o(.ARM.Collect$$libinit$$00000006) for __rt_lib_init_preinit_1
    libinit.o(.ARM.Collect$$libinit$$00000000) refers (Special) to libinit2.o(.ARM.Collect$$libinit$$00000010) for __rt_lib_init_rand_1
    libinit.o(.ARM.Collect$$libinit$$00000000) refers (Special) to libinit2.o(.ARM.Collect$$libinit$$00000004) for __rt_lib_init_relocate_pie_1
    libinit.o(.ARM.Collect$$libinit$$00000000) refers (Special) to libinit2.o(.ARM.Collect$$libinit$$00000035) for __rt_lib_init_return
    libinit.o(.ARM.Collect$$libinit$$00000000) refers (Special) to libinit2.o(.ARM.Collect$$libinit$$0000001F) for __rt_lib_init_signal_1
    libinit.o(.ARM.Collect$$libinit$$00000000) refers (Special) to libinit2.o(.ARM.Collect$$libinit$$00000027) for __rt_lib_init_stdio_1
    libinit.o(.ARM.Collect$$libinit$$00000000) refers (Special) to libinit2.o(.ARM.Collect$$libinit$$0000000E) for __rt_lib_init_user_alloc_1
    libspace.o(.text) refers to libspace.o(.bss) for __libspace_start
    rtexit.o(.ARM.Collect$$rtexit$$00000000) refers (Special) to rtexit2.o(.ARM.Collect$$rtexit$$00000004) for __rt_exit_exit
    rtexit.o(.ARM.Collect$$rtexit$$00000000) refers (Special) to rtexit2.o(.ARM.Collect$$rtexit$$00000003) for __rt_exit_ls
    rtexit.o(.ARM.Collect$$rtexit$$00000000) refers (Special) to rtexit2.o(.ARM.Collect$$rtexit$$00000002) for __rt_exit_prels_1
    rtexit.o(.ARM.exidx) refers (Special) to rtexit2.o(.ARM.Collect$$rtexit$$00000004) for __rt_exit_exit
    rtexit.o(.ARM.exidx) refers (Special) to rtexit2.o(.ARM.Collect$$rtexit$$00000003) for __rt_exit_ls
    rtexit.o(.ARM.exidx) refers (Special) to rtexit2.o(.ARM.Collect$$rtexit$$00000002) for __rt_exit_prels_1
    rtexit.o(.ARM.exidx) refers to rtexit.o(.ARM.Collect$$rtexit$$00000000) for .ARM.Collect$$rtexit$$00000000
    libinit2.o(.ARM.Collect$$libinit$$00000001) refers to fpinit.o(x$fpl$fpinit) for _fp_init
    libinit2.o(.ARM.Collect$$libinit$$00000012) refers to libinit2.o(.ARM.Collect$$libinit$$00000011) for .ARM.Collect$$libinit$$00000011
    libinit2.o(.ARM.Collect$$libinit$$00000014) refers to libinit2.o(.ARM.Collect$$libinit$$00000011) for .ARM.Collect$$libinit$$00000011
    libinit2.o(.ARM.Collect$$libinit$$00000016) refers to libinit2.o(.ARM.Collect$$libinit$$00000011) for .ARM.Collect$$libinit$$00000011
    libinit2.o(.ARM.Collect$$libinit$$00000018) refers to libinit2.o(.ARM.Collect$$libinit$$00000011) for .ARM.Collect$$libinit$$00000011
    libinit2.o(.ARM.Collect$$libinit$$0000001A) refers to libinit2.o(.ARM.Collect$$libinit$$00000011) for .ARM.Collect$$libinit$$00000011
    libinit2.o(.ARM.Collect$$libinit$$00000028) refers to argv_veneer.o(.emb_text) for __ARM_argv_veneer
    libinit2.o(.ARM.Collect$$libinit$$00000029) refers to argv_veneer.o(.emb_text) for __ARM_argv_veneer
    rtexit2.o(.ARM.Collect$$rtexit$$00000003) refers to libshutdown.o(.ARM.Collect$$libshutdown$$00000000) for __rt_lib_shutdown
    rtexit2.o(.ARM.Collect$$rtexit$$00000004) refers to sys_exit.o(.text) for _sys_exit
    rtexit2.o(.ARM.exidx) refers to rtexit2.o(.ARM.Collect$$rtexit$$00000001) for .ARM.Collect$$rtexit$$00000001
    rtexit2.o(.ARM.exidx) refers to rtexit2.o(.ARM.Collect$$rtexit$$00000003) for .ARM.Collect$$rtexit$$00000003
    rtexit2.o(.ARM.exidx) refers to rtexit2.o(.ARM.Collect$$rtexit$$00000004) for .ARM.Collect$$rtexit$$00000004
    argv_veneer.o(.emb_text) refers to no_argv.o(.text) for __ARM_get_argv
    sys_exit.o(.text) refers (Special) to use_no_semi.o(.text) for __I$use$semihosting
    sys_exit.o(.text) refers (Special) to indicate_semi.o(.text) for __semihosting_library_function
    sys_exit_hlt.o(.text) refers (Special) to use_no_semi.o(.text) for __I$use$semihosting
    sys_exit_hlt.o(.text) refers (Special) to indicate_semi.o(.text) for __semihosting_library_function
    _get_argv_nomalloc.o(.text) refers (Special) to hrguard.o(.text) for __heap_region$guard
    _get_argv_nomalloc.o(.text) refers to defsig_rtmem_outer.o(.text) for __rt_SIGRTMEM
    _get_argv_nomalloc.o(.text) refers to sys_command.o(.text) for _sys_command_string
    libshutdown.o(.ARM.Collect$$libshutdown$$00000000) refers (Special) to libshutdown2.o(.ARM.Collect$$libshutdown$$00000002) for __rt_lib_shutdown_cpp_1
    libshutdown.o(.ARM.Collect$$libshutdown$$00000000) refers (Special) to libshutdown2.o(.ARM.Collect$$libshutdown$$00000007) for __rt_lib_shutdown_fp_trap_1
    libshutdown.o(.ARM.Collect$$libshutdown$$00000000) refers (Special) to libshutdown2.o(.ARM.Collect$$libshutdown$$0000000F) for __rt_lib_shutdown_heap_1
    libshutdown.o(.ARM.Collect$$libshutdown$$00000000) refers (Special) to libshutdown2.o(.ARM.Collect$$libshutdown$$00000010) for __rt_lib_shutdown_return
    libshutdown.o(.ARM.Collect$$libshutdown$$00000000) refers (Special) to libshutdown2.o(.ARM.Collect$$libshutdown$$0000000A) for __rt_lib_shutdown_signal_1
    libshutdown.o(.ARM.Collect$$libshutdown$$00000000) refers (Special) to libshutdown2.o(.ARM.Collect$$libshutdown$$00000004) for __rt_lib_shutdown_stdio_1
    libshutdown.o(.ARM.Collect$$libshutdown$$00000000) refers (Special) to libshutdown2.o(.ARM.Collect$$libshutdown$$0000000C) for __rt_lib_shutdown_user_alloc_1
    sys_command.o(.text) refers (Special) to use_no_semi.o(.text) for __I$use$semihosting
    sys_command.o(.text) refers (Special) to indicate_semi.o(.text) for __semihosting_library_function
    sys_command_hlt.o(.text) refers (Special) to use_no_semi.o(.text) for __I$use$semihosting
    sys_command_hlt.o(.text) refers (Special) to indicate_semi.o(.text) for __semihosting_library_function
    defsig_rtmem_outer.o(.text) refers to defsig_rtmem_inner.o(.text) for __rt_SIGRTMEM_inner
    defsig_rtmem_outer.o(.text) refers to defsig_exit.o(.text) for __sig_exit
    defsig_rtmem_formal.o(.text) refers to rt_raise.o(.text) for __rt_raise
    rt_raise.o(.text) refers to __raise.o(.text) for __raise
    rt_raise.o(.text) refers to sys_exit.o(.text) for _sys_exit
    defsig_exit.o(.text) refers to sys_exit.o(.text) for _sys_exit
    defsig_rtmem_inner.o(.text) refers to defsig_general.o(.text) for __default_signal_display
    __raise.o(.text) refers to defsig.o(CL$$defsig) for __default_signal_handler
    defsig_general.o(.text) refers to sys_wrch.o(.text) for _ttywrch
    sys_wrch.o(.text) refers (Special) to use_no_semi.o(.text) for __I$use$semihosting
    sys_wrch.o(.text) refers (Special) to indicate_semi.o(.text) for __semihosting_library_function
    sys_wrch_hlt.o(.text) refers (Special) to use_no_semi.o(.text) for __I$use$semihosting
    sys_wrch_hlt.o(.text) refers (Special) to indicate_semi.o(.text) for __semihosting_library_function
    defsig.o(CL$$defsig) refers to defsig_rtmem_inner.o(.text) for __rt_SIGRTMEM_inner
    defsig_abrt_inner.o(.text) refers to defsig_general.o(.text) for __default_signal_display
    defsig_fpe_inner.o(.text) refers to defsig_general.o(.text) for __default_signal_display
    defsig_rtred_inner.o(.text) refers to defsig_general.o(.text) for __default_signal_display
    defsig_stak_inner.o(.text) refers to defsig_general.o(.text) for __default_signal_display
    defsig_pvfn_inner.o(.text) refers to defsig_general.o(.text) for __default_signal_display
    defsig_cppl_inner.o(.text) refers to defsig_general.o(.text) for __default_signal_display
    defsig_segv_inner.o(.text) refers to defsig_general.o(.text) for __default_signal_display
    defsig_other.o(.text) refers to defsig_general.o(.text) for __default_signal_display


==============================================================================

Removing Unused input sections from the image.

    Removing main.o(.text), (0 bytes).
    Removing main.o(.ARM.exidx.text.main), (8 bytes).
    Removing main.o(.ARM.exidx.text.__NVIC_EnableIRQ), (8 bytes).
    Removing main.o(.ARM.exidx.text.__NVIC_SetPriority), (8 bytes).
    Removing main.o(.ARM.exidx.text.DMA2_Stream4_IRQHandler), (8 bytes).
    Removing main.o(.ARM.exidx.text.DMA2_Stream0_IRQHandler), (8 bytes).
    Removing main.o(.rodata.ft_arr_size), (1 bytes).
    Removing main.o(.rodata.st_arr_size), (1 bytes).
    Removing main.o(.rodata.rpm_threshold), (1 bytes).
    Removing main.o(.bss.pid_fp), (36 bytes).
    Removing main.o(.bss.debug), (2 bytes).
    Removing main.o(.ARM.use_no_argv), (4 bytes).
    Removing adc.o(.text), (0 bytes).
    Removing adc.o(.ARM.exidx.text.adc_init), (8 bytes).
    Removing core.o(.text), (0 bytes).
    Removing core.o(.ARM.exidx.text.core_clock_init), (8 bytes).
    Removing dma.o(.text), (0 bytes).
    Removing dma.o(.ARM.exidx.text.dma2_init), (8 bytes).
    Removing dma.o(.ARM.exidx.text.dma2_en), (8 bytes).
    Removing pio.o(.text), (0 bytes).
    Removing pio.o(.ARM.exidx.text.pio_init), (8 bytes).
    Removing spi.o(.text), (0 bytes).
    Removing tim.o(.text), (0 bytes).
    Removing tim.o(.ARM.exidx.text.tim_init), (8 bytes).
    Removing tim.o(.ARM.exidx.text.tim_en), (8 bytes).
    Removing linear_interpolation_2d.o(.text), (0 bytes).
    Removing polynominal_quintec.o(.text), (0 bytes).
    Removing fuel_pump.o(.text), (0 bytes).
    Removing fuel_pump.o(.ARM.exidx.text.fuel_pmp_set), (8 bytes).
    Removing engine_cfg.o(.text), (0 bytes).
    Removing phys_const.o(.text), (0 bytes).
    Removing sys_cfg.o(.text), (0 bytes).
    Removing system_stm32f4xx.o(.text), (0 bytes).
    Removing system_stm32f4xx.o(.ARM.exidx.text.SystemInit), (8 bytes).
    Removing system_stm32f4xx.o(.text.SystemCoreClockUpdate), (302 bytes).
    Removing system_stm32f4xx.o(.ARM.exidx.text.SystemCoreClockUpdate), (8 bytes).
    Removing system_stm32f4xx.o(.data.SystemCoreClock), (4 bytes).
    Removing system_stm32f4xx.o(.rodata.AHBPrescTable), (16 bytes).
    Removing system_stm32f4xx.o(.rodata.APBPrescTable), (8 bytes).

39 unused section(s) (total 495 bytes) removed from the image.

==============================================================================

Image Symbol Table

    Local Symbols

    Symbol Name                              Value     Ov Type        Size  Object(Section)

    ../clib/angel/boardlib.s                 0x00000000   Number         0  boardinit1.o ABSOLUTE
    ../clib/angel/boardlib.s                 0x00000000   Number         0  boardinit2.o ABSOLUTE
    ../clib/angel/boardlib.s                 0x00000000   Number         0  boardinit3.o ABSOLUTE
    ../clib/angel/boardlib.s                 0x00000000   Number         0  boardshut.o ABSOLUTE
    ../clib/angel/handlers.s                 0x00000000   Number         0  __scatter_copy.o ABSOLUTE
    ../clib/angel/handlers.s                 0x00000000   Number         0  __scatter_zi.o ABSOLUTE
    ../clib/angel/kernel.s                   0x00000000   Number         0  __rtentry.o ABSOLUTE
    ../clib/angel/kernel.s                   0x00000000   Number         0  __rtentry2.o ABSOLUTE
    ../clib/angel/kernel.s                   0x00000000   Number         0  __rtentry4.o ABSOLUTE
    ../clib/angel/kernel.s                   0x00000000   Number         0  rtexit.o ABSOLUTE
    ../clib/angel/kernel.s                   0x00000000   Number         0  rtexit2.o ABSOLUTE
    ../clib/angel/rt.s                       0x00000000   Number         0  rt_raise.o ABSOLUTE
    ../clib/angel/scatter.s                  0x00000000   Number         0  __scatter.o ABSOLUTE
    ../clib/angel/startup.s                  0x00000000   Number         0  __main.o ABSOLUTE
    ../clib/angel/sys.s                      0x00000000   Number         0  sys_stackheap_outer.o ABSOLUTE
    ../clib/angel/sys.s                      0x00000000   Number         0  libspace.o ABSOLUTE
    ../clib/angel/sys.s                      0x00000000   Number         0  use_no_semi.o ABSOLUTE
    ../clib/angel/sys.s                      0x00000000   Number         0  indicate_semi.o ABSOLUTE
    ../clib/angel/sysapp.c                   0x00000000   Number         0  sys_exit.o ABSOLUTE
    ../clib/angel/sysapp.c                   0x00000000   Number         0  sys_exit_hlt.o ABSOLUTE
    ../clib/angel/sysapp.c                   0x00000000   Number         0  sys_command.o ABSOLUTE
    ../clib/angel/sysapp.c                   0x00000000   Number         0  sys_command_hlt.o ABSOLUTE
    ../clib/angel/sysapp.c                   0x00000000   Number         0  sys_wrch.o ABSOLUTE
    ../clib/angel/sysapp.c                   0x00000000   Number         0  sys_wrch_hlt.o ABSOLUTE
    ../clib/armsys.c                         0x00000000   Number         0  argv_veneer.o ABSOLUTE
    ../clib/armsys.c                         0x00000000   Number         0  argv_veneer.o ABSOLUTE
    ../clib/armsys.c                         0x00000000   Number         0  _get_argv_nomalloc.o ABSOLUTE
    ../clib/armsys.c                         0x00000000   Number         0  no_argv.o ABSOLUTE
    ../clib/heapalloc.c                      0x00000000   Number         0  hrguard.o ABSOLUTE
    ../clib/heapaux.c                        0x00000000   Number         0  heapauxi.o ABSOLUTE
    ../clib/libinit.s                        0x00000000   Number         0  libinit.o ABSOLUTE
    ../clib/libinit.s                        0x00000000   Number         0  libinit2.o ABSOLUTE
    ../clib/libinit.s                        0x00000000   Number         0  libshutdown.o ABSOLUTE
    ../clib/libinit.s                        0x00000000   Number         0  libshutdown2.o ABSOLUTE
    ../clib/signal.c                         0x00000000   Number         0  defsig_rtmem_outer.o ABSOLUTE
    ../clib/signal.c                         0x00000000   Number         0  defsig_rtmem_formal.o ABSOLUTE
    ../clib/signal.c                         0x00000000   Number         0  defsig_exit.o ABSOLUTE
    ../clib/signal.c                         0x00000000   Number         0  defsig_rtmem_inner.o ABSOLUTE
    ../clib/signal.c                         0x00000000   Number         0  __raise.o ABSOLUTE
    ../clib/signal.c                         0x00000000   Number         0  defsig_general.o ABSOLUTE
    ../clib/signal.c                         0x00000000   Number         0  defsig_abrt_inner.o ABSOLUTE
    ../clib/signal.c                         0x00000000   Number         0  defsig_fpe_inner.o ABSOLUTE
    ../clib/signal.c                         0x00000000   Number         0  defsig_rtred_inner.o ABSOLUTE
    ../clib/signal.c                         0x00000000   Number         0  defsig_stak_inner.o ABSOLUTE
    ../clib/signal.c                         0x00000000   Number         0  defsig_pvfn_inner.o ABSOLUTE
    ../clib/signal.c                         0x00000000   Number         0  defsig_cppl_inner.o ABSOLUTE
    ../clib/signal.c                         0x00000000   Number         0  defsig_segv_inner.o ABSOLUTE
    ../clib/signal.c                         0x00000000   Number         0  defsig_other.o ABSOLUTE
    ../clib/signal.s                         0x00000000   Number         0  defsig.o ABSOLUTE
    ../clib/stdlib.c                         0x00000000   Number         0  exit.o ABSOLUTE
    ../fplib/fpinit.s                        0x00000000   Number         0  fpinit.o ABSOLUTE
    RTE/Device/STM32F401RCTx/startup_stm32f401xc.s 0x00000000   Number         0  startup_stm32f401xc.o ABSOLUTE
    adc.c                                    0x00000000   Number         0  adc.o ABSOLUTE
    core.c                                   0x00000000   Number         0  core.o ABSOLUTE
    dc.s                                     0x00000000   Number         0  dc.o ABSOLUTE
    dma.c                                    0x00000000   Number         0  dma.o ABSOLUTE
    engine_cfg.c                             0x00000000   Number         0  engine_cfg.o ABSOLUTE
    fuel_pump.c                              0x00000000   Number         0  fuel_pump.o ABSOLUTE
    main.c                                   0x00000000   Number         0  main.o ABSOLUTE
    phys_const.c                             0x00000000   Number         0  phys_const.o ABSOLUTE
    pio.c                                    0x00000000   Number         0  pio.o ABSOLUTE
    spi.c                                    0x00000000   Number         0  spi.o ABSOLUTE
    sys_cfg.c                                0x00000000   Number         0  sys_cfg.o ABSOLUTE
    system_stm32f4xx.c                       0x00000000   Number         0  system_stm32f4xx.o ABSOLUTE
    tim.c                                    0x00000000   Number         0  tim.o ABSOLUTE
    RESET                                    0x08000000   Section      404  startup_stm32f401xc.o(RESET)
    !!!main                                  0x08000194   Section        8  __main.o(!!!main)
    !!!scatter                               0x0800019c   Section       92  __scatter.o(!!!scatter)
    !!handler_copy                           0x080001f8   Section       26  __scatter_copy.o(!!handler_copy)
    !!handler_null                           0x08000214   Section        2  __scatter.o(!!handler_null)
    !!handler_zi                             0x08000218   Section       28  __scatter_zi.o(!!handler_zi)
    .ARM.Collect$$libinit$$00000000          0x08000234   Section        2  libinit.o(.ARM.Collect$$libinit$$00000000)
    .ARM.Collect$$libinit$$00000001          0x08000236   Section        4  libinit2.o(.ARM.Collect$$libinit$$00000001)
    .ARM.Collect$$libinit$$00000004          0x0800023a   Section        0  libinit2.o(.ARM.Collect$$libinit$$00000004)
    .ARM.Collect$$libinit$$00000006          0x0800023a   Section        0  libinit2.o(.ARM.Collect$$libinit$$00000006)
    .ARM.Collect$$libinit$$0000000C          0x0800023a   Section        0  libinit2.o(.ARM.Collect$$libinit$$0000000C)
    .ARM.Collect$$libinit$$0000000E          0x0800023a   Section        0  libinit2.o(.ARM.Collect$$libinit$$0000000E)
    .ARM.Collect$$libinit$$00000010          0x0800023a   Section        0  libinit2.o(.ARM.Collect$$libinit$$00000010)
    .ARM.Collect$$libinit$$00000013          0x0800023a   Section        0  libinit2.o(.ARM.Collect$$libinit$$00000013)
    .ARM.Collect$$libinit$$00000015          0x0800023a   Section        0  libinit2.o(.ARM.Collect$$libinit$$00000015)
    .ARM.Collect$$libinit$$00000017          0x0800023a   Section        0  libinit2.o(.ARM.Collect$$libinit$$00000017)
    .ARM.Collect$$libinit$$00000019          0x0800023a   Section        0  libinit2.o(.ARM.Collect$$libinit$$00000019)
    .ARM.Collect$$libinit$$0000001B          0x0800023a   Section        0  libinit2.o(.ARM.Collect$$libinit$$0000001B)
    .ARM.Collect$$libinit$$0000001D          0x0800023a   Section        0  libinit2.o(.ARM.Collect$$libinit$$0000001D)
    .ARM.Collect$$libinit$$0000001F          0x0800023a   Section        0  libinit2.o(.ARM.Collect$$libinit$$0000001F)
    .ARM.Collect$$libinit$$00000021          0x0800023a   Section        0  libinit2.o(.ARM.Collect$$libinit$$00000021)
    .ARM.Collect$$libinit$$00000023          0x0800023a   Section        0  libinit2.o(.ARM.Collect$$libinit$$00000023)
    .ARM.Collect$$libinit$$00000025          0x0800023a   Section        0  libinit2.o(.ARM.Collect$$libinit$$00000025)
    .ARM.Collect$$libinit$$00000027          0x0800023a   Section        0  libinit2.o(.ARM.Collect$$libinit$$00000027)
    .ARM.Collect$$libinit$$0000002E          0x0800023a   Section        0  libinit2.o(.ARM.Collect$$libinit$$0000002E)
    .ARM.Collect$$libinit$$00000030          0x0800023a   Section        0  libinit2.o(.ARM.Collect$$libinit$$00000030)
    .ARM.Collect$$libinit$$00000032          0x0800023a   Section        0  libinit2.o(.ARM.Collect$$libinit$$00000032)
    .ARM.Collect$$libinit$$00000034          0x0800023a   Section        0  libinit2.o(.ARM.Collect$$libinit$$00000034)
    .ARM.Collect$$libinit$$00000035          0x0800023a   Section        2  libinit2.o(.ARM.Collect$$libinit$$00000035)
    .ARM.Collect$$libshutdown$$00000000      0x0800023c   Section        2  libshutdown.o(.ARM.Collect$$libshutdown$$00000000)
    .ARM.Collect$$libshutdown$$00000002      0x0800023e   Section        0  libshutdown2.o(.ARM.Collect$$libshutdown$$00000002)
    .ARM.Collect$$libshutdown$$00000004      0x0800023e   Section        0  libshutdown2.o(.ARM.Collect$$libshutdown$$00000004)
    .ARM.Collect$$libshutdown$$00000007      0x0800023e   Section        0  libshutdown2.o(.ARM.Collect$$libshutdown$$00000007)
    .ARM.Collect$$libshutdown$$0000000A      0x0800023e   Section        0  libshutdown2.o(.ARM.Collect$$libshutdown$$0000000A)
    .ARM.Collect$$libshutdown$$0000000C      0x0800023e   Section        0  libshutdown2.o(.ARM.Collect$$libshutdown$$0000000C)
    .ARM.Collect$$libshutdown$$0000000F      0x0800023e   Section        0  libshutdown2.o(.ARM.Collect$$libshutdown$$0000000F)
    .ARM.Collect$$libshutdown$$00000010      0x0800023e   Section        2  libshutdown2.o(.ARM.Collect$$libshutdown$$00000010)
    .ARM.Collect$$rtentry$$00000000          0x08000240   Section        0  __rtentry.o(.ARM.Collect$$rtentry$$00000000)
    .ARM.Collect$$rtentry$$00000002          0x08000240   Section        0  __rtentry2.o(.ARM.Collect$$rtentry$$00000002)
    .ARM.Collect$$rtentry$$00000004          0x08000240   Section        6  __rtentry4.o(.ARM.Collect$$rtentry$$00000004)
    .ARM.Collect$$rtentry$$00000009          0x08000246   Section        0  __rtentry2.o(.ARM.Collect$$rtentry$$00000009)
    .ARM.Collect$$rtentry$$0000000A          0x08000246   Section        4  __rtentry2.o(.ARM.Collect$$rtentry$$0000000A)
    .ARM.Collect$$rtentry$$0000000C          0x0800024a   Section        0  __rtentry2.o(.ARM.Collect$$rtentry$$0000000C)
    .ARM.Collect$$rtentry$$0000000D          0x0800024a   Section        8  __rtentry2.o(.ARM.Collect$$rtentry$$0000000D)
    .ARM.Collect$$rtexit$$00000000           0x08000252   Section        2  rtexit.o(.ARM.Collect$$rtexit$$00000000)
    .ARM.Collect$$rtexit$$00000002           0x08000254   Section        0  rtexit2.o(.ARM.Collect$$rtexit$$00000002)
    .ARM.Collect$$rtexit$$00000003           0x08000254   Section        4  rtexit2.o(.ARM.Collect$$rtexit$$00000003)
    .ARM.Collect$$rtexit$$00000004           0x08000258   Section        6  rtexit2.o(.ARM.Collect$$rtexit$$00000004)
    [Anonymous Symbol]                       0x08000260   Section        0  average_16.o(.text)
    [Anonymous Symbol]                       0x0800029c   Section        0  average_128.o(.text)
    [Anonymous Symbol]                       0x08000400   Section        0  linear_interpolation_1d.o(.text)
    [Anonymous Symbol]                       0x0800041c   Section        0  pid.o(.text)
    integral_overflow                        0x0800046e   Number         0  pid.o(.text)
    integral_underflow                       0x08000474   Number         0  pid.o(.text)
    con_0                                    0x0800047a   Number         0  pid.o(.text)
    o_overflow                               0x080004b0   Number         0  pid.o(.text)
    o_underflow                              0x080004b6   Number         0  pid.o(.text)
    return                                   0x080004bc   Number         0  pid.o(.text)
    $v0                                      0x080004c0   Number         0  startup_stm32f401xc.o(.text)
    .text                                    0x080004c0   Section       64  startup_stm32f401xc.o(.text)
    .text                                    0x08000500   Section        0  heapauxi.o(.text)
    .text                                    0x08000506   Section       74  sys_stackheap_outer.o(.text)
    .text                                    0x08000550   Section        0  exit.o(.text)
    .text                                    0x08000564   Section        8  libspace.o(.text)
    .text                                    0x0800056c   Section        0  sys_exit.o(.text)
    .text                                    0x08000578   Section        2  use_no_semi.o(.text)
    .text                                    0x0800057a   Section        0  indicate_semi.o(.text)
    [Anonymous Symbol]                       0x0800057c   Section        0  main.o(.text.DMA2_Stream0_IRQHandler)
    [Anonymous Symbol]                       0x08000680   Section        0  main.o(.text.DMA2_Stream4_IRQHandler)
    [Anonymous Symbol]                       0x080006a4   Section        0  system_stm32f4xx.o(.text.SystemInit)
    __NVIC_EnableIRQ                         0x080006b9   Thumb Code    48  main.o(.text.__NVIC_EnableIRQ)
    [Anonymous Symbol]                       0x080006b8   Section        0  main.o(.text.__NVIC_EnableIRQ)
    __NVIC_SetPriority                       0x080006e9   Thumb Code    66  main.o(.text.__NVIC_SetPriority)
    [Anonymous Symbol]                       0x080006e8   Section        0  main.o(.text.__NVIC_SetPriority)
    [Anonymous Symbol]                       0x0800072c   Section        0  adc.o(.text.adc_init)
    [Anonymous Symbol]                       0x080007e0   Section        0  core.o(.text.core_clock_init)
    [Anonymous Symbol]                       0x080008ec   Section        0  dma.o(.text.dma2_en)
    [Anonymous Symbol]                       0x08000910   Section        0  dma.o(.text.dma2_init)
    [Anonymous Symbol]                       0x08000a2c   Section        0  fuel_pump.o(.text.fuel_pmp_set)
    [Anonymous Symbol]                       0x08000af4   Section        0  main.o(.text.main)
    [Anonymous Symbol]                       0x08000e10   Section        0  pio.o(.text.pio_init)
    [Anonymous Symbol]                       0x08000f6c   Section        0  tim.o(.text.tim_en)
    [Anonymous Symbol]                       0x08000fc8   Section        0  tim.o(.text.tim_init)
    $v0                                      0x08001368   Number         0  fpinit.o(x$fpl$fpinit)
    x$fpl$fpinit                             0x08001368   Section       26  fpinit.o(x$fpl$fpinit)
    .bss                                     0x20000028   Section       96  libspace.o(.bss)
    Heap_Mem                                 0x20000450   Data         512  startup_stm32f401xc.o(HEAP)
    HEAP                                     0x20000450   Section      512  startup_stm32f401xc.o(HEAP)
    Stack_Mem                                0x20000650   Data        1024  startup_stm32f401xc.o(STACK)
    STACK                                    0x20000650   Section     1024  startup_stm32f401xc.o(STACK)
    __initial_sp                             0x20000a50   Data           0  startup_stm32f401xc.o(STACK)

    Global Symbols

    Symbol Name                              Value     Ov Type        Size  Object(Section)

    BuildAttributes$$THM_ISAv4$E$P$D$K$B$S$7EM$VFPi3$EXTD16$VFPS$VFMA$PE$A:L22UL41UL21$X:L11$S22US41US21$IEEE1$IW$~IW$USESV6$~STKCKD$USESV7$~SHL$OSPACE$ROPI$EBA8$UX$STANDARDLIB$REQ8$EABIv2 0x00000000   Number         0  anon$$obj.o ABSOLUTE
    __ARM_exceptions_init                     - Undefined Weak Reference
    __alloca_initialize                       - Undefined Weak Reference
    __arm_preinit_                            - Undefined Weak Reference
    __arm_relocate_pie_                       - Undefined Weak Reference
    __cpp_initialize__aeabi_                  - Undefined Weak Reference
    __cxa_finalize                            - Undefined Weak Reference
    __rt_locale                               - Undefined Weak Reference
    __sigvec_lookup                           - Undefined Weak Reference
    _atexit_init                              - Undefined Weak Reference
    _call_atexit_fns                          - Undefined Weak Reference
    _clock_init                               - Undefined Weak Reference
    _fp_trap_init                             - Undefined Weak Reference
    _fp_trap_shutdown                         - Undefined Weak Reference
    _get_lc_collate                           - Undefined Weak Reference
    _get_lc_ctype                             - Undefined Weak Reference
    _get_lc_monetary                          - Undefined Weak Reference
    _get_lc_numeric                           - Undefined Weak Reference
    _get_lc_time                              - Undefined Weak Reference
    _getenv_init                              - Undefined Weak Reference
    _handle_redirection                       - Undefined Weak Reference
    _init_alloc                               - Undefined Weak Reference
    _init_user_alloc                          - Undefined Weak Reference
    _initio                                   - Undefined Weak Reference
    _rand_init                                - Undefined Weak Reference
    _signal_finish                            - Undefined Weak Reference
    _signal_init                              - Undefined Weak Reference
    _terminate_alloc                          - Undefined Weak Reference
    _terminate_user_alloc                     - Undefined Weak Reference
    _terminateio                              - Undefined Weak Reference
    __Vectors_Size                           0x00000194   Number         0  startup_stm32f401xc.o ABSOLUTE
    __Vectors                                0x08000000   Data           4  startup_stm32f401xc.o(RESET)
    __Vectors_End                            0x08000194   Data           0  startup_stm32f401xc.o(RESET)
    __main                                   0x08000195   Thumb Code     8  __main.o(!!!main)
    __scatterload                            0x0800019d   Thumb Code     0  __scatter.o(!!!scatter)
    __scatterload_rt2                        0x0800019d   Thumb Code    84  __scatter.o(!!!scatter)
    __scatterload_rt2_thumb_only             0x0800019d   Thumb Code     0  __scatter.o(!!!scatter)
    __scatterload_loop                       0x080001a7   Thumb Code     0  __scatter.o(!!!scatter)
    __scatterload_copy                       0x080001f9   Thumb Code    26  __scatter_copy.o(!!handler_copy)
    __scatterload_null                       0x08000215   Thumb Code     2  __scatter.o(!!handler_null)
    __scatterload_zeroinit                   0x08000219   Thumb Code    28  __scatter_zi.o(!!handler_zi)
    __rt_lib_init                            0x08000235   Thumb Code     0  libinit.o(.ARM.Collect$$libinit$$00000000)
    __rt_lib_init_fp_1                       0x08000237   Thumb Code     0  libinit2.o(.ARM.Collect$$libinit$$00000001)
    __rt_lib_init_alloca_1                   0x0800023b   Thumb Code     0  libinit2.o(.ARM.Collect$$libinit$$00000030)
    __rt_lib_init_argv_1                     0x0800023b   Thumb Code     0  libinit2.o(.ARM.Collect$$libinit$$0000002E)
    __rt_lib_init_atexit_1                   0x0800023b   Thumb Code     0  libinit2.o(.ARM.Collect$$libinit$$0000001D)
    __rt_lib_init_clock_1                    0x0800023b   Thumb Code     0  libinit2.o(.ARM.Collect$$libinit$$00000023)
    __rt_lib_init_cpp_1                      0x0800023b   Thumb Code     0  libinit2.o(.ARM.Collect$$libinit$$00000034)
    __rt_lib_init_exceptions_1               0x0800023b   Thumb Code     0  libinit2.o(.ARM.Collect$$libinit$$00000032)
    __rt_lib_init_fp_trap_1                  0x0800023b   Thumb Code     0  libinit2.o(.ARM.Collect$$libinit$$00000021)
    __rt_lib_init_getenv_1                   0x0800023b   Thumb Code     0  libinit2.o(.ARM.Collect$$libinit$$00000025)
    __rt_lib_init_heap_1                     0x0800023b   Thumb Code     0  libinit2.o(.ARM.Collect$$libinit$$0000000C)
    __rt_lib_init_lc_collate_1               0x0800023b   Thumb Code     0  libinit2.o(.ARM.Collect$$libinit$$00000013)
    __rt_lib_init_lc_ctype_1                 0x0800023b   Thumb Code     0  libinit2.o(.ARM.Collect$$libinit$$00000015)
    __rt_lib_init_lc_monetary_1              0x0800023b   Thumb Code     0  libinit2.o(.ARM.Collect$$libinit$$00000017)
    __rt_lib_init_lc_numeric_1               0x0800023b   Thumb Code     0  libinit2.o(.ARM.Collect$$libinit$$00000019)
    __rt_lib_init_lc_time_1                  0x0800023b   Thumb Code     0  libinit2.o(.ARM.Collect$$libinit$$0000001B)
    __rt_lib_init_preinit_1                  0x0800023b   Thumb Code     0  libinit2.o(.ARM.Collect$$libinit$$00000006)
    __rt_lib_init_rand_1                     0x0800023b   Thumb Code     0  libinit2.o(.ARM.Collect$$libinit$$00000010)
    __rt_lib_init_relocate_pie_1             0x0800023b   Thumb Code     0  libinit2.o(.ARM.Collect$$libinit$$00000004)
    __rt_lib_init_return                     0x0800023b   Thumb Code     0  libinit2.o(.ARM.Collect$$libinit$$00000035)
    __rt_lib_init_signal_1                   0x0800023b   Thumb Code     0  libinit2.o(.ARM.Collect$$libinit$$0000001F)
    __rt_lib_init_stdio_1                    0x0800023b   Thumb Code     0  libinit2.o(.ARM.Collect$$libinit$$00000027)
    __rt_lib_init_user_alloc_1               0x0800023b   Thumb Code     0  libinit2.o(.ARM.Collect$$libinit$$0000000E)
    __rt_lib_shutdown                        0x0800023d   Thumb Code     0  libshutdown.o(.ARM.Collect$$libshutdown$$00000000)
    __rt_lib_shutdown_cpp_1                  0x0800023f   Thumb Code     0  libshutdown2.o(.ARM.Collect$$libshutdown$$00000002)
    __rt_lib_shutdown_fp_trap_1              0x0800023f   Thumb Code     0  libshutdown2.o(.ARM.Collect$$libshutdown$$00000007)
    __rt_lib_shutdown_heap_1                 0x0800023f   Thumb Code     0  libshutdown2.o(.ARM.Collect$$libshutdown$$0000000F)
    __rt_lib_shutdown_return                 0x0800023f   Thumb Code     0  libshutdown2.o(.ARM.Collect$$libshutdown$$00000010)
    __rt_lib_shutdown_signal_1               0x0800023f   Thumb Code     0  libshutdown2.o(.ARM.Collect$$libshutdown$$0000000A)
    __rt_lib_shutdown_stdio_1                0x0800023f   Thumb Code     0  libshutdown2.o(.ARM.Collect$$libshutdown$$00000004)
    __rt_lib_shutdown_user_alloc_1           0x0800023f   Thumb Code     0  libshutdown2.o(.ARM.Collect$$libshutdown$$0000000C)
    __rt_entry                               0x08000241   Thumb Code     0  __rtentry.o(.ARM.Collect$$rtentry$$00000000)
    __rt_entry_presh_1                       0x08000241   Thumb Code     0  __rtentry2.o(.ARM.Collect$$rtentry$$00000002)
    __rt_entry_sh                            0x08000241   Thumb Code     0  __rtentry4.o(.ARM.Collect$$rtentry$$00000004)
    __rt_entry_li                            0x08000247   Thumb Code     0  __rtentry2.o(.ARM.Collect$$rtentry$$0000000A)
    __rt_entry_postsh_1                      0x08000247   Thumb Code     0  __rtentry2.o(.ARM.Collect$$rtentry$$00000009)
    __rt_entry_main                          0x0800024b   Thumb Code     0  __rtentry2.o(.ARM.Collect$$rtentry$$0000000D)
    __rt_entry_postli_1                      0x0800024b   Thumb Code     0  __rtentry2.o(.ARM.Collect$$rtentry$$0000000C)
    __rt_exit                                0x08000253   Thumb Code     0  rtexit.o(.ARM.Collect$$rtexit$$00000000)
    __rt_exit_ls                             0x08000255   Thumb Code     0  rtexit2.o(.ARM.Collect$$rtexit$$00000003)
    __rt_exit_prels_1                        0x08000255   Thumb Code     0  rtexit2.o(.ARM.Collect$$rtexit$$00000002)
    __rt_exit_exit                           0x08000259   Thumb Code     0  rtexit2.o(.ARM.Collect$$rtexit$$00000004)
    avg_16                                   0x08000261   Thumb Code     0  average_16.o(.text)
    avg_128                                  0x0800029d   Thumb Code     0  average_128.o(.text)
    lerp_1d                                  0x08000401   Thumb Code     0  linear_interpolation_1d.o(.text)
    pid                                      0x0800041d   Thumb Code     0  pid.o(.text)
    Reset_Handler                            0x080004c1   Thumb Code     8  startup_stm32f401xc.o(.text)
    NMI_Handler                              0x080004c9   Thumb Code     2  startup_stm32f401xc.o(.text)
    HardFault_Handler                        0x080004cb   Thumb Code     2  startup_stm32f401xc.o(.text)
    MemManage_Handler                        0x080004cd   Thumb Code     2  startup_stm32f401xc.o(.text)
    BusFault_Handler                         0x080004cf   Thumb Code     2  startup_stm32f401xc.o(.text)
    UsageFault_Handler                       0x080004d1   Thumb Code     2  startup_stm32f401xc.o(.text)
    SVC_Handler                              0x080004d3   Thumb Code     2  startup_stm32f401xc.o(.text)
    DebugMon_Handler                         0x080004d5   Thumb Code     2  startup_stm32f401xc.o(.text)
    PendSV_Handler                           0x080004d7   Thumb Code     2  startup_stm32f401xc.o(.text)
    SysTick_Handler                          0x080004d9   Thumb Code     2  startup_stm32f401xc.o(.text)
    ADC_IRQHandler                           0x080004db   Thumb Code     0  startup_stm32f401xc.o(.text)
    DMA1_Stream0_IRQHandler                  0x080004db   Thumb Code     0  startup_stm32f401xc.o(.text)
    DMA1_Stream1_IRQHandler                  0x080004db   Thumb Code     0  startup_stm32f401xc.o(.text)
    DMA1_Stream2_IRQHandler                  0x080004db   Thumb Code     0  startup_stm32f401xc.o(.text)
    DMA1_Stream3_IRQHandler                  0x080004db   Thumb Code     0  startup_stm32f401xc.o(.text)
    DMA1_Stream4_IRQHandler                  0x080004db   Thumb Code     0  startup_stm32f401xc.o(.text)
    DMA1_Stream5_IRQHandler                  0x080004db   Thumb Code     0  startup_stm32f401xc.o(.text)
    DMA1_Stream6_IRQHandler                  0x080004db   Thumb Code     0  startup_stm32f401xc.o(.text)
    DMA1_Stream7_IRQHandler                  0x080004db   Thumb Code     0  startup_stm32f401xc.o(.text)
    DMA2_Stream1_IRQHandler                  0x080004db   Thumb Code     0  startup_stm32f401xc.o(.text)
    DMA2_Stream2_IRQHandler                  0x080004db   Thumb Code     0  startup_stm32f401xc.o(.text)
    DMA2_Stream3_IRQHandler                  0x080004db   Thumb Code     0  startup_stm32f401xc.o(.text)
    DMA2_Stream5_IRQHandler                  0x080004db   Thumb Code     0  startup_stm32f401xc.o(.text)
    DMA2_Stream6_IRQHandler                  0x080004db   Thumb Code     0  startup_stm32f401xc.o(.text)
    DMA2_Stream7_IRQHandler                  0x080004db   Thumb Code     0  startup_stm32f401xc.o(.text)
    EXTI0_IRQHandler                         0x080004db   Thumb Code     0  startup_stm32f401xc.o(.text)
    EXTI15_10_IRQHandler                     0x080004db   Thumb Code     0  startup_stm32f401xc.o(.text)
    EXTI1_IRQHandler                         0x080004db   Thumb Code     0  startup_stm32f401xc.o(.text)
    EXTI2_IRQHandler                         0x080004db   Thumb Code     0  startup_stm32f401xc.o(.text)
    EXTI3_IRQHandler                         0x080004db   Thumb Code     0  startup_stm32f401xc.o(.text)
    EXTI4_IRQHandler                         0x080004db   Thumb Code     0  startup_stm32f401xc.o(.text)
    EXTI9_5_IRQHandler                       0x080004db   Thumb Code     0  startup_stm32f401xc.o(.text)
    FLASH_IRQHandler                         0x080004db   Thumb Code     0  startup_stm32f401xc.o(.text)
    FPU_IRQHandler                           0x080004db   Thumb Code     0  startup_stm32f401xc.o(.text)
    I2C1_ER_IRQHandler                       0x080004db   Thumb Code     0  startup_stm32f401xc.o(.text)
    I2C1_EV_IRQHandler                       0x080004db   Thumb Code     0  startup_stm32f401xc.o(.text)
    I2C2_ER_IRQHandler                       0x080004db   Thumb Code     0  startup_stm32f401xc.o(.text)
    I2C2_EV_IRQHandler                       0x080004db   Thumb Code     0  startup_stm32f401xc.o(.text)
    I2C3_ER_IRQHandler                       0x080004db   Thumb Code     0  startup_stm32f401xc.o(.text)
    I2C3_EV_IRQHandler                       0x080004db   Thumb Code     0  startup_stm32f401xc.o(.text)
    OTG_FS_IRQHandler                        0x080004db   Thumb Code     0  startup_stm32f401xc.o(.text)
    OTG_FS_WKUP_IRQHandler                   0x080004db   Thumb Code     0  startup_stm32f401xc.o(.text)
    PVD_IRQHandler                           0x080004db   Thumb Code     0  startup_stm32f401xc.o(.text)
    RCC_IRQHandler                           0x080004db   Thumb Code     0  startup_stm32f401xc.o(.text)
    RTC_Alarm_IRQHandler                     0x080004db   Thumb Code     0  startup_stm32f401xc.o(.text)
    RTC_WKUP_IRQHandler                      0x080004db   Thumb Code     0  startup_stm32f401xc.o(.text)
    SDIO_IRQHandler                          0x080004db   Thumb Code     0  startup_stm32f401xc.o(.text)
    SPI1_IRQHandler                          0x080004db   Thumb Code     0  startup_stm32f401xc.o(.text)
    SPI2_IRQHandler                          0x080004db   Thumb Code     0  startup_stm32f401xc.o(.text)
    SPI3_IRQHandler                          0x080004db   Thumb Code     0  startup_stm32f401xc.o(.text)
    SPI4_IRQHandler                          0x080004db   Thumb Code     0  startup_stm32f401xc.o(.text)
    TAMP_STAMP_IRQHandler                    0x080004db   Thumb Code     0  startup_stm32f401xc.o(.text)
    TIM1_BRK_TIM9_IRQHandler                 0x080004db   Thumb Code     0  startup_stm32f401xc.o(.text)
    TIM1_CC_IRQHandler                       0x080004db   Thumb Code     0  startup_stm32f401xc.o(.text)
    TIM1_TRG_COM_TIM11_IRQHandler            0x080004db   Thumb Code     0  startup_stm32f401xc.o(.text)
    TIM1_UP_TIM10_IRQHandler                 0x080004db   Thumb Code     0  startup_stm32f401xc.o(.text)
    TIM2_IRQHandler                          0x080004db   Thumb Code     0  startup_stm32f401xc.o(.text)
    TIM3_IRQHandler                          0x080004db   Thumb Code     0  startup_stm32f401xc.o(.text)
    TIM4_IRQHandler                          0x080004db   Thumb Code     0  startup_stm32f401xc.o(.text)
    TIM5_IRQHandler                          0x080004db   Thumb Code     0  startup_stm32f401xc.o(.text)
    USART1_IRQHandler                        0x080004db   Thumb Code     0  startup_stm32f401xc.o(.text)
    USART2_IRQHandler                        0x080004db   Thumb Code     0  startup_stm32f401xc.o(.text)
    USART6_IRQHandler                        0x080004db   Thumb Code     0  startup_stm32f401xc.o(.text)
    WWDG_IRQHandler                          0x080004db   Thumb Code     0  startup_stm32f401xc.o(.text)
    __user_initial_stackheap                 0x080004dd   Thumb Code     0  startup_stm32f401xc.o(.text)
    __use_two_region_memory                  0x08000501   Thumb Code     2  heapauxi.o(.text)
    __rt_heap_escrow$2region                 0x08000503   Thumb Code     2  heapauxi.o(.text)
    __rt_heap_expand$2region                 0x08000505   Thumb Code     2  heapauxi.o(.text)
    __user_setup_stackheap                   0x08000507   Thumb Code    74  sys_stackheap_outer.o(.text)
    exit                                     0x08000551   Thumb Code    18  exit.o(.text)
    __user_libspace                          0x08000565   Thumb Code     8  libspace.o(.text)
    __user_perproc_libspace                  0x08000565   Thumb Code     0  libspace.o(.text)
    __user_perthread_libspace                0x08000565   Thumb Code     0  libspace.o(.text)
    _sys_exit                                0x0800056d   Thumb Code     8  sys_exit.o(.text)
    __I$use$semihosting                      0x08000579   Thumb Code     0  use_no_semi.o(.text)
    __use_no_semihosting_swi                 0x08000579   Thumb Code     2  use_no_semi.o(.text)
    __semihosting_library_function           0x0800057b   Thumb Code     0  indicate_semi.o(.text)
    DMA2_Stream0_IRQHandler                  0x0800057d   Thumb Code   260  main.o(.text.DMA2_Stream0_IRQHandler)
    DMA2_Stream4_IRQHandler                  0x08000681   Thumb Code    34  main.o(.text.DMA2_Stream4_IRQHandler)
    SystemInit                               0x080006a5   Thumb Code    18  system_stm32f4xx.o(.text.SystemInit)
    adc_init                                 0x0800072d   Thumb Code   178  adc.o(.text.adc_init)
    core_clock_init                          0x080007e1   Thumb Code   268  core.o(.text.core_clock_init)
    dma2_en                                  0x080008ed   Thumb Code    34  dma.o(.text.dma2_en)
    dma2_init                                0x08000911   Thumb Code   282  dma.o(.text.dma2_init)
    fuel_pmp_set                             0x08000a2d   Thumb Code   188  fuel_pump.o(.text.fuel_pmp_set)
    main                                     0x08000af5   Thumb Code   784  main.o(.text.main)
    pio_init                                 0x08000e11   Thumb Code   346  pio.o(.text.pio_init)
    tim_en                                   0x08000f6d   Thumb Code    92  tim.o(.text.tim_en)
    tim_init                                 0x08000fc9   Thumb Code   920  tim.o(.text.tim_init)
    _fp_init                                 0x08001369   Thumb Code    26  fpinit.o(x$fpl$fpinit)
    __fplib_config_fpu_vfp                   0x08001381   Thumb Code     0  fpinit.o(x$fpl$fpinit)
    __fplib_config_pureend_doubles           0x08001381   Thumb Code     0  fpinit.o(x$fpl$fpinit)
    ENGIN_CFG                                0x08001384   Data        2240  engine_cfg.o(.rodata.ENGIN_CFG)
    HRDW_DEBOUNCE                            0x08001c44   Data           4  sys_cfg.o(.rodata.HRDW_DEBOUNCE)
    TIM10_FREQ                               0x08001c48   Data           4  sys_cfg.o(.rodata.TIM10_FREQ)
    TIM10_T_ON                               0x08001c4c   Data           4  sys_cfg.o(.rodata.TIM10_T_ON)
    TIM1_FREQ                                0x08001c50   Data           4  sys_cfg.o(.rodata.TIM1_FREQ)
    TIM2_FREQ                                0x08001c54   Data           4  sys_cfg.o(.rodata.TIM2_FREQ)
    TIM3_FREQ                                0x08001c58   Data           4  sys_cfg.o(.rodata.TIM3_FREQ)
    TIM4_FREQ                                0x08001c5c   Data           4  sys_cfg.o(.rodata.TIM4_FREQ)
    TIM5_FREQ                                0x08001c60   Data           4  sys_cfg.o(.rodata.TIM5_FREQ)
    Region$$Table$$Base                      0x08001c64   Number         0  anon$$obj.o(Region$$Table)
    Region$$Table$$Limit                     0x08001c84   Number         0  anon$$obj.o(Region$$Table)
    fp_pid                                   0x20000000   Data          36  main.o(.data.fp_pid)
    pds                                      0x20000024   Data           1  main.o(.data.pds)
    __libspace_start                         0x20000028   Data          96  libspace.o(.bss)
    __temporary_stack_top$libspace           0x20000088   Data           0  libspace.o(.bss)
    adc_scan                                 0x20000088   Data          14  main.o(.bss.adc_scan)
    crank_tmstp                              0x20000098   Data           4  main.o(.bss.crank_tmstp)
    dt                                       0x2000009c   Data           4  main.o(.bss.dt)
    engine                                   0x200000a0   Data          32  main.o(.bss.engine)
    et1_his                                  0x200000c0   Data          32  main.o(.bss.et1_his)
    et2_his                                  0x200000e0   Data          32  main.o(.bss.et2_his)
    frp_his                                  0x20000100   Data         256  main.o(.bss.frp_his)
    frp_rdy                                  0x20000200   Data           1  main.o(.bss.frp_rdy)
    ft_id                                    0x20000201   Data           1  main.o(.bss.ft_id)
    ft_rdy                                   0x20000202   Data           1  main.o(.bss.ft_rdy)
    iat_his                                  0x20000204   Data         256  main.o(.bss.iat_his)
    loop_tmstp                               0x20000304   Data           2  main.o(.bss.loop_tmstp)
    map_his                                  0x20000308   Data         256  main.o(.bss.map_his)
    ot_his                                   0x20000408   Data          32  main.o(.bss.ot_his)
    ss                                       0x20000428   Data           1  main.o(.bss.ss)
    st_id                                    0x20000429   Data           1  main.o(.bss.st_id)
    tps_default                              0x2000042a   Data           2  main.o(.bss.tps_default)
    tps_his                                  0x2000042c   Data          32  main.o(.bss.tps_his)



==============================================================================

Memory Map of the image

  Image Entry point : 0x080004c1

  Load Region LR_1 (Base: 0x08000000, Size: 0x00001cac, Max: 0xffffffff, ABSOLUTE)

    Execution Region ER_RO (Exec base: 0x08000000, Load base: 0x08000000, Size: 0x00001c84, Max: 0xffffffff, ABSOLUTE)

    Exec Addr    Load Addr    Size         Type   Attr      Idx    E Section Name        Object

    0x08000000   0x08000000   0x00000194   Data   RO          145    RESET               startup_stm32f401xc.o
    0x08000194   0x08000194   0x00000008   Code   RO          170  * !!!main             c_w.l(__main.o)
    0x0800019c   0x0800019c   0x0000005c   Code   RO          335    !!!scatter          c_w.l(__scatter.o)
    0x080001f8   0x080001f8   0x0000001a   Code   RO          339    !!handler_copy      c_w.l(__scatter_copy.o)
    0x08000212   0x08000212   0x00000002   PAD
    0x08000214   0x08000214   0x00000002   Code   RO          336    !!handler_null      c_w.l(__scatter.o)
    0x08000216   0x08000216   0x00000002   PAD
    0x08000218   0x08000218   0x0000001c   Code   RO          341    !!handler_zi        c_w.l(__scatter_zi.o)
    0x08000234   0x08000234   0x00000002   Code   RO          197    .ARM.Collect$$libinit$$00000000  c_w.l(libinit.o)
    0x08000236   0x08000236   0x00000004   Code   RO          203    .ARM.Collect$$libinit$$00000001  c_w.l(libinit2.o)
    0x0800023a   0x0800023a   0x00000000   Code   RO          206    .ARM.Collect$$libinit$$00000004  c_w.l(libinit2.o)
    0x0800023a   0x0800023a   0x00000000   Code   RO          208    .ARM.Collect$$libinit$$00000006  c_w.l(libinit2.o)
    0x0800023a   0x0800023a   0x00000000   Code   RO          211    .ARM.Collect$$libinit$$0000000C  c_w.l(libinit2.o)
    0x0800023a   0x0800023a   0x00000000   Code   RO          213    .ARM.Collect$$libinit$$0000000E  c_w.l(libinit2.o)
    0x0800023a   0x0800023a   0x00000000   Code   RO          215    .ARM.Collect$$libinit$$00000010  c_w.l(libinit2.o)
    0x0800023a   0x0800023a   0x00000000   Code   RO          218    .ARM.Collect$$libinit$$00000013  c_w.l(libinit2.o)
    0x0800023a   0x0800023a   0x00000000   Code   RO          220    .ARM.Collect$$libinit$$00000015  c_w.l(libinit2.o)
    0x0800023a   0x0800023a   0x00000000   Code   RO          222    .ARM.Collect$$libinit$$00000017  c_w.l(libinit2.o)
    0x0800023a   0x0800023a   0x00000000   Code   RO          224    .ARM.Collect$$libinit$$00000019  c_w.l(libinit2.o)
    0x0800023a   0x0800023a   0x00000000   Code   RO          226    .ARM.Collect$$libinit$$0000001B  c_w.l(libinit2.o)
    0x0800023a   0x0800023a   0x00000000   Code   RO          228    .ARM.Collect$$libinit$$0000001D  c_w.l(libinit2.o)
    0x0800023a   0x0800023a   0x00000000   Code   RO          230    .ARM.Collect$$libinit$$0000001F  c_w.l(libinit2.o)
    0x0800023a   0x0800023a   0x00000000   Code   RO          232    .ARM.Collect$$libinit$$00000021  c_w.l(libinit2.o)
    0x0800023a   0x0800023a   0x00000000   Code   RO          234    .ARM.Collect$$libinit$$00000023  c_w.l(libinit2.o)
    0x0800023a   0x0800023a   0x00000000   Code   RO          236    .ARM.Collect$$libinit$$00000025  c_w.l(libinit2.o)
    0x0800023a   0x0800023a   0x00000000   Code   RO          238    .ARM.Collect$$libinit$$00000027  c_w.l(libinit2.o)
    0x0800023a   0x0800023a   0x00000000   Code   RO          242    .ARM.Collect$$libinit$$0000002E  c_w.l(libinit2.o)
    0x0800023a   0x0800023a   0x00000000   Code   RO          244    .ARM.Collect$$libinit$$00000030  c_w.l(libinit2.o)
    0x0800023a   0x0800023a   0x00000000   Code   RO          246    .ARM.Collect$$libinit$$00000032  c_w.l(libinit2.o)
    0x0800023a   0x0800023a   0x00000000   Code   RO          248    .ARM.Collect$$libinit$$00000034  c_w.l(libinit2.o)
    0x0800023a   0x0800023a   0x00000002   Code   RO          249    .ARM.Collect$$libinit$$00000035  c_w.l(libinit2.o)
    0x0800023c   0x0800023c   0x00000002   Code   RO          271    .ARM.Collect$$libshutdown$$00000000  c_w.l(libshutdown.o)
    0x0800023e   0x0800023e   0x00000000   Code   RO          286    .ARM.Collect$$libshutdown$$00000002  c_w.l(libshutdown2.o)
    0x0800023e   0x0800023e   0x00000000   Code   RO          288    .ARM.Collect$$libshutdown$$00000004  c_w.l(libshutdown2.o)
    0x0800023e   0x0800023e   0x00000000   Code   RO          291    .ARM.Collect$$libshutdown$$00000007  c_w.l(libshutdown2.o)
    0x0800023e   0x0800023e   0x00000000   Code   RO          294    .ARM.Collect$$libshutdown$$0000000A  c_w.l(libshutdown2.o)
    0x0800023e   0x0800023e   0x00000000   Code   RO          296    .ARM.Collect$$libshutdown$$0000000C  c_w.l(libshutdown2.o)
    0x0800023e   0x0800023e   0x00000000   Code   RO          299    .ARM.Collect$$libshutdown$$0000000F  c_w.l(libshutdown2.o)
    0x0800023e   0x0800023e   0x00000002   Code   RO          300    .ARM.Collect$$libshutdown$$00000010  c_w.l(libshutdown2.o)
    0x08000240   0x08000240   0x00000000   Code   RO          172    .ARM.Collect$$rtentry$$00000000  c_w.l(__rtentry.o)
    0x08000240   0x08000240   0x00000000   Code   RO          174    .ARM.Collect$$rtentry$$00000002  c_w.l(__rtentry2.o)
    0x08000240   0x08000240   0x00000006   Code   RO          186    .ARM.Collect$$rtentry$$00000004  c_w.l(__rtentry4.o)
    0x08000246   0x08000246   0x00000000   Code   RO          176    .ARM.Collect$$rtentry$$00000009  c_w.l(__rtentry2.o)
    0x08000246   0x08000246   0x00000004   Code   RO          177    .ARM.Collect$$rtentry$$0000000A  c_w.l(__rtentry2.o)
    0x0800024a   0x0800024a   0x00000000   Code   RO          179    .ARM.Collect$$rtentry$$0000000C  c_w.l(__rtentry2.o)
    0x0800024a   0x0800024a   0x00000008   Code   RO          180    .ARM.Collect$$rtentry$$0000000D  c_w.l(__rtentry2.o)
    0x08000252   0x08000252   0x00000002   Code   RO          201    .ARM.Collect$$rtexit$$00000000  c_w.l(rtexit.o)
    0x08000254   0x08000254   0x00000000   Code   RO          251    .ARM.Collect$$rtexit$$00000002  c_w.l(rtexit2.o)
    0x08000254   0x08000254   0x00000004   Code   RO          252    .ARM.Collect$$rtexit$$00000003  c_w.l(rtexit2.o)
    0x08000258   0x08000258   0x00000006   Code   RO          253    .ARM.Collect$$rtexit$$00000004  c_w.l(rtexit2.o)
    0x0800025e   0x0800025e   0x00000002   PAD
    0x08000260   0x08000260   0x0000003c   Code   RO           91    .text               average_16.o
    0x0800029c   0x0800029c   0x00000162   Code   RO           96    .text               average_128.o
    0x080003fe   0x080003fe   0x00000002   PAD
    0x08000400   0x08000400   0x0000001a   Code   RO          101    .text               linear_interpolation_1d.o
    0x0800041a   0x0800041a   0x00000002   PAD
    0x0800041c   0x0800041c   0x000000a2   Code   RO          118    .text               pid.o
    0x080004be   0x080004be   0x00000002   PAD
    0x080004c0   0x080004c0   0x00000040   Code   RO          146  * .text               startup_stm32f401xc.o
    0x08000500   0x08000500   0x00000006   Code   RO          168    .text               c_w.l(heapauxi.o)
    0x08000506   0x08000506   0x0000004a   Code   RO          188    .text               c_w.l(sys_stackheap_outer.o)
    0x08000550   0x08000550   0x00000012   Code   RO          190    .text               c_w.l(exit.o)
    0x08000562   0x08000562   0x00000002   PAD
    0x08000564   0x08000564   0x00000008   Code   RO          198    .text               c_w.l(libspace.o)
    0x0800056c   0x0800056c   0x0000000c   Code   RO          261    .text               c_w.l(sys_exit.o)
    0x08000578   0x08000578   0x00000002   Code   RO          276    .text               c_w.l(use_no_semi.o)
    0x0800057a   0x0800057a   0x00000000   Code   RO          278    .text               c_w.l(indicate_semi.o)
    0x0800057a   0x0800057a   0x00000002   PAD
    0x0800057c   0x0800057c   0x00000104   Code   RO           10    .text.DMA2_Stream0_IRQHandler  main.o
    0x08000680   0x08000680   0x00000022   Code   RO            8    .text.DMA2_Stream4_IRQHandler  main.o
    0x080006a2   0x080006a2   0x00000002   PAD
    0x080006a4   0x080006a4   0x00000012   Code   RO          153    .text.SystemInit    system_stm32f4xx.o
    0x080006b6   0x080006b6   0x00000002   PAD
    0x080006b8   0x080006b8   0x00000030   Code   RO            4    .text.__NVIC_EnableIRQ  main.o
    0x080006e8   0x080006e8   0x00000042   Code   RO            6    .text.__NVIC_SetPriority  main.o
    0x0800072a   0x0800072a   0x00000002   PAD
    0x0800072c   0x0800072c   0x000000b2   Code   RO           45    .text.adc_init      adc.o
    0x080007de   0x080007de   0x00000002   PAD
    0x080007e0   0x080007e0   0x0000010c   Code   RO           53    .text.core_clock_init  core.o
    0x080008ec   0x080008ec   0x00000022   Code   RO           63    .text.dma2_en       dma.o
    0x0800090e   0x0800090e   0x00000002   PAD
    0x08000910   0x08000910   0x0000011a   Code   RO           61    .text.dma2_init     dma.o
    0x08000a2a   0x08000a2a   0x00000002   PAD
    0x08000a2c   0x08000a2c   0x000000c8   Code   RO          111    .text.fuel_pmp_set  fuel_pump.o
    0x08000af4   0x08000af4   0x0000031c   Code   RO            2    .text.main          main.o
    0x08000e10   0x08000e10   0x0000015a   Code   RO           72    .text.pio_init      pio.o
    0x08000f6a   0x08000f6a   0x00000002   PAD
    0x08000f6c   0x08000f6c   0x0000005c   Code   RO           83    .text.tim_en        tim.o
    0x08000fc8   0x08000fc8   0x000003a0   Code   RO           81    .text.tim_init      tim.o
    0x08001368   0x08001368   0x0000001a   Code   RO          259    x$fpl$fpinit        fz_wm.l(fpinit.o)
    0x08001382   0x08001382   0x00000002   PAD
    0x08001384   0x08001384   0x000008c0   Data   RO          124    .rodata.ENGIN_CFG   engine_cfg.o
    0x08001c44   0x08001c44   0x00000004   Data   RO          131    .rodata.HRDW_DEBOUNCE  sys_cfg.o
    0x08001c48   0x08001c48   0x00000004   Data   RO          137    .rodata.TIM10_FREQ  sys_cfg.o
    0x08001c4c   0x08001c4c   0x00000004   Data   RO          138    .rodata.TIM10_T_ON  sys_cfg.o
    0x08001c50   0x08001c50   0x00000004   Data   RO          132    .rodata.TIM1_FREQ   sys_cfg.o
    0x08001c54   0x08001c54   0x00000004   Data   RO          133    .rodata.TIM2_FREQ   sys_cfg.o
    0x08001c58   0x08001c58   0x00000004   Data   RO          134    .rodata.TIM3_FREQ   sys_cfg.o
    0x08001c5c   0x08001c5c   0x00000004   Data   RO          135    .rodata.TIM4_FREQ   sys_cfg.o
    0x08001c60   0x08001c60   0x00000004   Data   RO          136    .rodata.TIM5_FREQ   sys_cfg.o
    0x08001c64   0x08001c64   0x00000020   Data   RO          334    Region$$Table       anon$$obj.o


    Execution Region ER_RW (Exec base: 0x20000000, Load base: 0x08001c84, Size: 0x00000028, Max: 0xffffffff, ABSOLUTE)

    Exec Addr    Load Addr    Size         Type   Attr      Idx    E Section Name        Object

    0x20000000   0x08001c84   0x00000024   Data   RW           19    .data.fp_pid        main.o
    0x20000024   0x08001ca8   0x00000001   Data   RW           18    .data.pds           main.o


    Execution Region ER_ZI (Exec base: 0x20000028, Load base: 0x08001cac, Size: 0x00000a28, Max: 0xffffffff, ABSOLUTE)

    Exec Addr    Load Addr    Size         Type   Attr      Idx    E Section Name        Object

    0x20000028        -       0x00000060   Zero   RW          199    .bss                c_w.l(libspace.o)
    0x20000088        -       0x0000000e   Zero   RW           20    .bss.adc_scan       main.o
    0x20000096   0x08001cac   0x00000002   PAD
    0x20000098        -       0x00000004   Zero   RW           21    .bss.crank_tmstp    main.o
    0x2000009c        -       0x00000004   Zero   RW           28    .bss.dt             main.o
    0x200000a0        -       0x00000020   Zero   RW           26    .bss.engine         main.o
    0x200000c0        -       0x00000020   Zero   RW           32    .bss.et1_his        main.o
    0x200000e0        -       0x00000020   Zero   RW           33    .bss.et2_his        main.o
    0x20000100        -       0x00000100   Zero   RW           27    .bss.frp_his        main.o
    0x20000200        -       0x00000001   Zero   RW           30    .bss.frp_rdy        main.o
    0x20000201        -       0x00000001   Zero   RW           15    .bss.ft_id          main.o
    0x20000202        -       0x00000001   Zero   RW           29    .bss.ft_rdy         main.o
    0x20000203   0x08001cac   0x00000001   PAD
    0x20000204        -       0x00000100   Zero   RW           31    .bss.iat_his        main.o
    0x20000304        -       0x00000002   Zero   RW           24    .bss.loop_tmstp     main.o
    0x20000306   0x08001cac   0x00000002   PAD
    0x20000308        -       0x00000100   Zero   RW           25    .bss.map_his        main.o
    0x20000408        -       0x00000020   Zero   RW           34    .bss.ot_his         main.o
    0x20000428        -       0x00000001   Zero   RW           17    .bss.ss             main.o
    0x20000429        -       0x00000001   Zero   RW           16    .bss.st_id          main.o
    0x2000042a        -       0x00000002   Zero   RW           23    .bss.tps_default    main.o
    0x2000042c        -       0x00000020   Zero   RW           22    .bss.tps_his        main.o
    0x2000044c   0x08001cac   0x00000004   PAD
    0x20000450        -       0x00000200   Zero   RW          144    HEAP                startup_stm32f401xc.o
    0x20000650        -       0x00000400   Zero   RW          143    STACK               startup_stm32f401xc.o


==============================================================================

Image component sizes


      Code (inc. data)   RO Data    RW Data    ZI Data      Debug   Object Name

       178          0          0          0          0       1892   adc.o
       354          0          0          0          0        418   average_128.o
        60          0          0          0          0        337   average_16.o
       268          0          0          0          0       1770   core.o
       316          0          0          0          0       2778   dma.o
         0          0       2240          0          0       1370   engine_cfg.o
       200         12          0          0          0       1333   fuel_pump.o
        26          0          0          0          0        355   linear_interpolation_1d.o
      1204         16          0         37        959       7172   main.o
       162          0          0          0          0        501   pid.o
       346          0          0          0          0       1726   pio.o
        64         26        404          0       1536        888   startup_stm32f401xc.o
         0          0         32          0          0        635   sys_cfg.o
        18          0          0          0          0       2817   system_stm32f4xx.o
      1020          8          0          0          0       2234   tim.o

    ----------------------------------------------------------------------
      4236         62       2708         40       2504      26226   Object Totals
         0          0         32          0          0          0   (incl. Generated)
        20          0          0          3          9          0   (incl. Padding)

    ----------------------------------------------------------------------

      Code (inc. data)   RO Data    RW Data    ZI Data      Debug   Library Member Name

         8          0          0          0          0         68   __main.o
         0          0          0          0          0          0   __rtentry.o
        12          0          0          0          0          0   __rtentry2.o
         6          0          0          0          0          0   __rtentry4.o
        94          8          0          0          0          0   __scatter.o
        26          0          0          0          0          0   __scatter_copy.o
        28          0          0          0          0          0   __scatter_zi.o
        18          0          0          0          0         80   exit.o
         6          0          0          0          0        152   heapauxi.o
         0          0          0          0          0          0   indicate_semi.o
         2          0          0          0          0          0   libinit.o
         6          0          0          0          0          0   libinit2.o
         2          0          0          0          0          0   libshutdown.o
         2          0          0          0          0          0   libshutdown2.o
         8          4          0          0         96         68   libspace.o
         2          0          0          0          0          0   rtexit.o
        10          0          0          0          0          0   rtexit2.o
        12          4          0          0          0         68   sys_exit.o
        74          0          0          0          0         80   sys_stackheap_outer.o
         2          0          0          0          0         68   use_no_semi.o
        26          0          0          0          0        116   fpinit.o

    ----------------------------------------------------------------------
       356         16          0          0         96        700   Library Totals
        12          0          0          0          0          0   (incl. Padding)

    ----------------------------------------------------------------------

      Code (inc. data)   RO Data    RW Data    ZI Data      Debug   Library Name

       318         16          0          0         96        584   c_w.l
        26          0          0          0          0        116   fz_wm.l

    ----------------------------------------------------------------------
       356         16          0          0         96        700   Library Totals

    ----------------------------------------------------------------------

==============================================================================


      Code (inc. data)   RO Data    RW Data    ZI Data      Debug   

      4592         78       2708         40       2600      26698   Grand Totals
      4592         78       2708         40       2600      26698   ELF Image Totals
      4592         78       2708         40          0          0   ROM Totals

==============================================================================

    Total RO  Size (Code + RO Data)                 7300 (   7.13kB)
    Total RW  Size (RW Data + ZI Data)              2640 (   2.58kB)
    Total ROM Size (Code + RO Data + RW Data)       7340 (   7.17kB)

==============================================================================

